str_noasign_test:
str_asign_test:
init
str_alloc_test:

str_alloc_asign_test:
init
str_append_test:
init:append
str_append_int_test:
init:
str_quote_test:
quote double contains 'quote single' string
quote double contains apostrophe's string
str_char_test:
match
str_get_test:
66
str_slice_test:
value
str_int_shift_operator_test:
256
